// Copyright (c) 2025 Test

package outdated // want "invalid license header"
