// Copyright (c) 2025 Test

// Package packagecomment has a package-level doc comment. This comment should
// not affect the generation of a license header above it.
package packagecomment // want "missing license header"
