// Copyright (c) 2025 Test

//go:build !foo

package main // want "missing license header"
