// Copyright (c) 2025 Test

package main // want "missing license header"
