/*
Copyright (c) 2025 Test
*/

package block // want "invalid license header"
