// Copyright (c) 2025 Test

package differentmatcher // want "invalid license header"
