/*
 * Copyright (c) 2025 Test
 */

package block // want "missing license header"
